2025.06.25 17:28:47.799 Node log from the data server with id 'zi_server':
2025.06.25 17:28:47.799   get /dev12460/raw/system/awg/runtimechecks/enable -
2025.06.25 17:28:47.799   get /dev12460/raw/system/awg/runtimechecks/enable -
2025.06.25 17:28:47.799   get /dev12460/system/clocks/referenceclock/in/freq -
2025.06.25 17:28:47.799   get /dev12460/system/clocks/referenceclock/in/sourceactual -
2025.06.25 17:28:47.799   get /dev12460/system/clocks/referenceclock/in/source -
2025.06.25 17:28:47.799   get /dev12460/system/clocks/referenceclock/in/status -
2025.06.25 17:28:47.799   get /dev12460/system/clocks/referenceclock/in/freq -
2025.06.25 17:28:47.799   get /dev12460/system/clocks/referenceclock/in/sourceactual -
2025.06.25 17:28:47.799   get /dev12460/system/clocks/referenceclock/in/source -
2025.06.25 17:28:47.799   get /dev12460/system/clocks/referenceclock/in/status -
2025.06.25 17:32:37.684 Node log from the data server with id 'zi_server':
2025.06.25 17:32:37.685   get /dev12460/raw/system/awg/runtimechecks/enable -
2025.06.25 17:32:37.685   get /dev12460/raw/system/awg/runtimechecks/enable -
2025.06.25 17:32:37.685   get /dev12460/system/clocks/referenceclock/in/freq -
2025.06.25 17:32:37.685   get /dev12460/system/clocks/referenceclock/in/sourceactual -
2025.06.25 17:32:37.685   get /dev12460/system/clocks/referenceclock/in/source -
2025.06.25 17:32:37.685   get /dev12460/system/clocks/referenceclock/in/status -
2025.06.25 17:32:37.685   get /dev12460/system/clocks/referenceclock/in/freq -
2025.06.25 17:32:37.685   get /dev12460/system/clocks/referenceclock/in/sourceactual -
2025.06.25 17:32:37.685   get /dev12460/system/clocks/referenceclock/in/source -
2025.06.25 17:32:37.685   get /dev12460/system/clocks/referenceclock/in/status -
2025.06.25 17:33:03.015 Node log from the data server with id 'zi_server':
2025.06.25 17:33:03.015   get /dev12460/raw/system/awg/runtimechecks/enable -
2025.06.25 17:33:03.015   get /dev12460/raw/system/awg/runtimechecks/enable -
2025.06.25 17:33:03.015   get /dev12460/system/clocks/referenceclock/in/freq -
2025.06.25 17:33:03.015   get /dev12460/system/clocks/referenceclock/in/sourceactual -
2025.06.25 17:33:03.015   get /dev12460/system/clocks/referenceclock/in/source -
2025.06.25 17:33:03.015   get /dev12460/system/clocks/referenceclock/in/status -
2025.06.25 17:33:03.015   get /dev12460/system/clocks/referenceclock/in/freq -
2025.06.25 17:33:03.015   get /dev12460/system/clocks/referenceclock/in/sourceactual -
2025.06.25 17:33:03.015   get /dev12460/system/clocks/referenceclock/in/source -
2025.06.25 17:33:03.015   get /dev12460/system/clocks/referenceclock/in/status -
2025.06.25 17:33:30.725 Node log from the data server with id 'zi_server':
2025.06.25 17:33:30.725   get /dev12460/raw/system/awg/runtimechecks/enable -
2025.06.25 17:33:30.726   get /dev12460/raw/system/awg/runtimechecks/enable -
2025.06.25 17:33:30.726   get /dev12460/system/clocks/referenceclock/in/freq -
2025.06.25 17:33:30.726   get /dev12460/system/clocks/referenceclock/in/sourceactual -
2025.06.25 17:33:30.726   get /dev12460/system/clocks/referenceclock/in/source -
2025.06.25 17:33:30.726   get /dev12460/system/clocks/referenceclock/in/status -
2025.06.25 17:33:30.726   get /dev12460/system/clocks/referenceclock/in/freq -
2025.06.25 17:33:30.726   get /dev12460/system/clocks/referenceclock/in/sourceactual -
2025.06.25 17:33:30.726   get /dev12460/system/clocks/referenceclock/in/source -
2025.06.25 17:33:30.726   get /dev12460/system/clocks/referenceclock/in/status -
2025.06.25 17:33:43.666 Node log from the data server with id 'zi_server':
2025.06.25 17:33:43.667   get /dev12460/raw/system/awg/runtimechecks/enable -
2025.06.25 17:33:43.667   get /dev12460/raw/system/awg/runtimechecks/enable -
2025.06.25 17:33:43.667   get /dev12460/system/clocks/referenceclock/in/freq -
2025.06.25 17:33:43.667   get /dev12460/system/clocks/referenceclock/in/sourceactual -
2025.06.25 17:33:43.667   get /dev12460/system/clocks/referenceclock/in/source -
2025.06.25 17:33:43.667   get /dev12460/system/clocks/referenceclock/in/status -
2025.06.25 17:33:43.667   get /dev12460/system/clocks/referenceclock/in/freq -
2025.06.25 17:33:43.667   get /dev12460/system/clocks/referenceclock/in/sourceactual -
2025.06.25 17:33:43.667   get /dev12460/system/clocks/referenceclock/in/source -
2025.06.25 17:33:43.667   get /dev12460/system/clocks/referenceclock/in/status -
2025.06.25 17:35:17.205 Node log from the data server with id 'zi_server':
2025.06.25 17:35:17.205   get /dev12460/raw/system/awg/runtimechecks/enable -
2025.06.25 17:35:17.205   get /dev12460/raw/system/awg/runtimechecks/enable -
2025.06.25 17:35:17.205   get /dev12460/system/clocks/referenceclock/in/freq -
2025.06.25 17:35:17.205   get /dev12460/system/clocks/referenceclock/in/sourceactual -
2025.06.25 17:35:17.205   get /dev12460/system/clocks/referenceclock/in/source -
2025.06.25 17:35:17.205   get /dev12460/system/clocks/referenceclock/in/status -
2025.06.25 17:35:17.205   get /dev12460/system/clocks/referenceclock/in/freq -
2025.06.25 17:35:17.205   get /dev12460/system/clocks/referenceclock/in/sourceactual -
2025.06.25 17:35:17.205   get /dev12460/system/clocks/referenceclock/in/source -
2025.06.25 17:35:17.206   get /dev12460/system/clocks/referenceclock/in/status -
2025.06.25 17:35:50.971 Node log from the data server with id 'zi_server':
2025.06.25 17:35:50.971   get /dev12460/raw/system/awg/runtimechecks/enable -
2025.06.25 17:35:50.971   get /dev12460/raw/system/awg/runtimechecks/enable -
2025.06.25 17:35:50.971   get /dev12460/system/clocks/referenceclock/in/freq -
2025.06.25 17:35:50.971   get /dev12460/system/clocks/referenceclock/in/sourceactual -
2025.06.25 17:35:50.971   get /dev12460/system/clocks/referenceclock/in/source -
2025.06.25 17:35:50.971   get /dev12460/system/clocks/referenceclock/in/status -
2025.06.25 17:35:50.971   get /dev12460/system/clocks/referenceclock/in/freq -
2025.06.25 17:35:50.971   get /dev12460/system/clocks/referenceclock/in/sourceactual -
2025.06.25 17:35:50.971   get /dev12460/system/clocks/referenceclock/in/source -
2025.06.25 17:35:50.971   get /dev12460/system/clocks/referenceclock/in/status -
2025.06.25 17:36:23.481 Node log from the data server with id 'zi_server':
2025.06.25 17:36:23.481   get /dev12460/raw/system/awg/runtimechecks/enable -
2025.06.25 17:36:23.481   get /dev12460/raw/system/awg/runtimechecks/enable -
2025.06.25 17:36:23.481   get /dev12460/system/clocks/referenceclock/in/freq -
2025.06.25 17:36:23.481   get /dev12460/system/clocks/referenceclock/in/sourceactual -
2025.06.25 17:36:23.481   get /dev12460/system/clocks/referenceclock/in/source -
2025.06.25 17:36:23.481   get /dev12460/system/clocks/referenceclock/in/status -
2025.06.25 17:36:23.481   get /dev12460/system/clocks/referenceclock/in/freq -
2025.06.25 17:36:23.481   get /dev12460/system/clocks/referenceclock/in/sourceactual -
2025.06.25 17:36:23.481   get /dev12460/system/clocks/referenceclock/in/source -
2025.06.25 17:36:23.481   get /dev12460/system/clocks/referenceclock/in/status -
2025.06.25 17:36:33.888 Node log from the data server with id 'zi_server':
2025.06.25 17:36:33.888   get /dev12460/raw/system/awg/runtimechecks/enable -
2025.06.25 17:36:33.888   get /dev12460/raw/system/awg/runtimechecks/enable -
2025.06.25 17:36:33.888   get /dev12460/system/clocks/referenceclock/in/freq -
2025.06.25 17:36:33.888   get /dev12460/system/clocks/referenceclock/in/sourceactual -
2025.06.25 17:36:33.888   get /dev12460/system/clocks/referenceclock/in/source -
2025.06.25 17:36:33.888   get /dev12460/system/clocks/referenceclock/in/status -
2025.06.25 17:36:33.888   get /dev12460/system/clocks/referenceclock/in/freq -
2025.06.25 17:36:33.888   get /dev12460/system/clocks/referenceclock/in/sourceactual -
2025.06.25 17:36:33.888   get /dev12460/system/clocks/referenceclock/in/source -
2025.06.25 17:36:33.888   get /dev12460/system/clocks/referenceclock/in/status -
2025.06.25 17:36:56.387 Node log from the data server with id 'zi_server':
2025.06.25 17:36:56.387   get /dev12460/raw/system/awg/runtimechecks/enable -
2025.06.25 17:36:56.387   get /dev12460/raw/system/awg/runtimechecks/enable -
2025.06.25 17:36:56.387   get /dev12460/system/clocks/referenceclock/in/freq -
2025.06.25 17:36:56.387   get /dev12460/system/clocks/referenceclock/in/sourceactual -
2025.06.25 17:36:56.387   get /dev12460/system/clocks/referenceclock/in/source -
2025.06.25 17:36:56.387   get /dev12460/system/clocks/referenceclock/in/status -
2025.06.25 17:36:56.387   get /dev12460/system/clocks/referenceclock/in/freq -
2025.06.25 17:36:56.387   get /dev12460/system/clocks/referenceclock/in/sourceactual -
2025.06.25 17:36:56.387   get /dev12460/system/clocks/referenceclock/in/source -
2025.06.25 17:36:56.387   get /dev12460/system/clocks/referenceclock/in/status -
